
> network-overrides-devtools@2.0.1 test
> npm run build && node --test --test-isolation=none tests/*.test.mjs


> network-overrides-devtools@2.0.1 build
> tsc

[NetworkOverrides] Response: https://example.com/api/users
[NetworkOverrides] Response: https://example.com/api/users
[NetworkOverrides] Fulfill body: /users$/ → https://example.com/api/users
[NetworkOverrides] Response: https://example.com/api/users
[NetworkOverrides] Response: https://example.com/api/users
[NetworkOverrides] Fulfill body: /users$/ → https://example.com/api/users
[NetworkOverrides] Response: https://example.com/api/download
[NetworkOverrides] Fulfill body: download → https://example.com/api/download
[NetworkOverrides] Redirect: https://example.com/api/users → https://new-api.example.com/api/users
[NetworkOverrides] Response: https://example.com/api/users
✔ Background handles update messages by attaching and detaching the debugger (2.8734ms)
✔ Background stores recent APIs and response bodies, then returns them through message handlers (1.7491ms)
✔ Background fulfills matching requests with override headers and body (1.3572ms)
✔ Background stores recent APIs and response bodies, then returns them through message handlers (1.1426ms)
✔ Background fulfills matching requests with override headers and body (1.1014ms)
✔ Background falls back to chrome.storage.local when API caches are empty (1.0043ms)
✔ Background keeps raw base64 body unchanged when override mode is file (4.9266ms)
✔ Background glob matching with * wildcard (0.9023ms)
✔ Background matchPattern captures wildcard segments (0.8231ms)
✔ Background substituteWildcards replaces * with captured segments (0.7834ms)
✔ Background redirects requests when override has redirectUrl (0.9635ms)
✔ Background does not fulfill body for redirect-only overrides at response stage (0.9191ms)
✔ popup entrypoint initializes shared UI with popup options (0.5844ms)
✔ panel entrypoint initializes shared UI with panel options (0.6362ms)
✔ devtools entrypoint registers the Overrides panel (0.5688ms)
✔ UI pattern matching supports wildcard, substring, and regex (1.0828ms)
✔ UI glob pattern matching with * wildcards (0.723ms)
✔ UI matchPattern captures wildcard segments (1.0324ms)
✔ UI helpers format API labels and normalize request types (0.7818ms)
✔ UI helper pretty-prints valid JSON and preserves invalid JSON (0.768ms)
✔ Background pattern matching supports regex and invalid regex safely (0.7449ms)
✔ Background normalizes base64 response bodies and preserves bad input (0.7516ms)
✔ matchesMethod matches ANY/undefined and is case-insensitive (0.6994ms)
✔ UI init renders captured APIs and respects the manual editor option (96.0082ms)
✔ Clicking an API opens the modal, auto-fills the body, and saving notifies background (155.8227ms)
✔ Changing the enable checkbox persists state and sends an update message (103.0451ms)
✔ Editing and deleting overrides from the saved list updates storage and notifies background (202.7218ms)
✔ UI retries loading APIs until captured requests become available (710.2984ms)
✔ Tab switching shows correct APIs and search filters within a tab (220.0472ms)
