
> network-overrides-devtools@2.0.1 test
> npm run build && node --test --test-isolation=none tests/*.test.mjs


> network-overrides-devtools@2.0.1 build
> tsc

[NetworkOverrides] Response: https://example.com/api/users
[NetworkOverrides] Response: https://example.com/api/users
[NetworkOverrides] Fulfill body: /users$/ → https://example.com/api/users
[NetworkOverrides] Response: https://example.com/api/users
[NetworkOverrides] Response: https://example.com/api/users
[NetworkOverrides] Fulfill body: /users$/ → https://example.com/api/users
[NetworkOverrides] Response: https://example.com/api/download
[NetworkOverrides] Fulfill body: download → https://example.com/api/download
[NetworkOverrides] Redirect: https://example.com/api/users → https://new-api.example.com/api/users
[NetworkOverrides] Response: https://example.com/api/users
[NetworkOverrides] Response: https://example.com/api/users
[NetworkOverrides] Fulfill body: /users$/ → https://example.com/api/users
✔ Background handles update messages by attaching and detaching the debugger (2.8249ms)
✔ Background stores recent APIs and response bodies, then returns them through message handlers (1.8875ms)
✔ Background fulfills matching requests with override headers and body (1.8078ms)
✔ Background stores recent APIs and response bodies, then returns them through message handlers (1.2072ms)
✔ Background fulfills matching requests with override headers and body (1.1306ms)
✔ Background falls back to chrome.storage.local when API caches are empty (1.0235ms)
✔ Background keeps raw base64 body unchanged when override mode is file (5.3399ms)
✔ Background glob matching with * wildcard (0.8853ms)
✔ Background matchPattern captures wildcard segments (0.8536ms)
✔ Background substituteWildcards replaces * with captured segments (0.7729ms)
✔ Background redirects requests when override has redirectUrl (1.2475ms)
✔ Background does not fulfill body for redirect-only overrides at response stage (1.5487ms)
✔ Background skips disabled rules and method-mismatched rules, falling through to the next match (1.1867ms)
✔ popup entrypoint initializes shared UI with popup options (1.0173ms)
✔ panel entrypoint initializes shared UI with panel options (1.0416ms)
✔ devtools entrypoint registers the Overrides panel (0.7071ms)
✔ UI pattern matching supports wildcard, substring, and regex (2.2296ms)
✔ UI glob pattern matching with * wildcards (1.1323ms)
✔ UI matchPattern captures wildcard segments (0.8797ms)
✔ UI helpers format API labels and normalize request types (1.4595ms)
✔ UI helper pretty-prints valid JSON and preserves invalid JSON (0.9179ms)
✔ Background pattern matching supports regex and invalid regex safely (0.7882ms)
✔ Background normalizes base64 response bodies and preserves bad input (0.9905ms)
✔ matchesMethod matches ANY/undefined and is case-insensitive (0.9579ms)
✔ UI init renders captured APIs and respects the manual editor option (137.9684ms)
✔ Clicking an API opens the modal, auto-fills the body, and saving notifies background (130.5578ms)
✔ Changing the enable checkbox persists state and sends an update message (49.9148ms)
✔ Editing and deleting overrides from the saved list updates storage and notifies background (148.8536ms)
✔ UI retries loading APIs until captured requests become available (678.3389ms)
✔ Tab switching shows correct APIs and search filters within a tab (189.5763ms)
